// Jest Snapshot v1, https://goo.gl/fbAQLP

exports[`Button renders correctrly 1`] = `
<button
  onClick={[Function]}
>
  click me
</button>
`;
