// Jest Snapshot v1, https://goo.gl/fbAQLP

exports[`MetadataProviders renders correctly 1`] = `
<MetadataProviders
  data={Array []}
  onChange={[MockFunction]}
>
  <ContactsForm
    className="metadata-providers"
    contactsTableHeader="datasetFormPage.metadataProviders.contactsTableHeader"
    data={Array []}
    onChange={[MockFunction]}
  >
    <div
      className="contacts-form metadata-providers"
    >
      <OceanExpertNameInput
        oceanExpertName=""
        onChange={[Function]}
      >
        <div
          className="ocean-expert-name-input field column is-four-fifths mandatory"
        >
          <div
            className="dropdown"
          >
            <div
              className="dropdown-trigger"
            >
              <label
                className="label"
              >
                userFormPage.name.label
              </label>
              <div
                className="control has-icons-right "
              >
                <input
                  className="input"
                  onChange={[Function]}
                  onClick={[Function]}
                  placeholder=""
                  type="text"
                  value=""
                />
              </div>
            </div>
            <div
              className="dropdown-menu"
              id="dropdown-menu"
              role="menu"
            >
              <div
                className="dropdown-content"
              />
            </div>
          </div>
        </div>
      </OceanExpertNameInput>
      <div
        className="columns column"
      >
        <InputText
          className="column email"
          name="datasetFormPage.contactsForm.email"
          onChange={[Function]}
          value=""
        >
          <div
            className="column field column email"
          >
            <label
              className="label"
              htmlFor="datasetformpage.contactsform.email.label"
            >
              datasetFormPage.contactsForm.email.label
            </label>
            <input
              className="input"
              id="datasetformpage.contactsform.email.label"
              onChange={[Function]}
              type="text"
              value=""
            />
          </div>
        </InputText>
        <InputText
          className="column organisation"
          name="datasetFormPage.contactsForm.organisation"
          onChange={[Function]}
          value=""
        >
          <div
            className="column field column organisation"
          >
            <label
              className="label"
              htmlFor="datasetformpage.contactsform.organisation.label"
            >
              datasetFormPage.contactsForm.organisation.label
            </label>
            <input
              className="input"
              id="datasetformpage.contactsform.organisation.label"
              onChange={[Function]}
              type="text"
              value=""
            />
          </div>
        </InputText>
        <div
          className="column field button-placeholder"
        >
          <button
            className="add button"
            onClick={[Function]}
          >
            common.add
          </button>
        </div>
      </div>
      <div
        className="column field"
      >
        <div
          className="title is-5 contacts-table-header"
        >
          datasetFormPage.metadataProviders.contactsTableHeader
        </div>
        <table
          className="general table is-fullwidth is-striped is-hoverable"
        >
          <thead>
            <tr>
              <th>
                datasetFormPage.contactsForm.name.label
              </th>
              <th>
                datasetFormPage.contactsForm.email.label
              </th>
              <th>
                datasetFormPage.contactsForm.organisation.label
              </th>
              <th />
            </tr>
          </thead>
          <tbody />
        </table>
      </div>
    </div>
  </ContactsForm>
</MetadataProviders>
`;
