// Jest Snapshot v1, https://goo.gl/fbAQLP

exports[`ActiveStepHeader renders correctly 1`] = `
<header
  className="step-header columns is-vcentered confirmed has-background-white has-text-black"
  onClick={[Function]}
>
  <div
    className="column is-1"
  >
    <p
      className="datadescription"
    >
      data description
    </p>
  </div>
  <p
    className="selected-data column"
  >
    selected data
  </p>
  <div
    className="column details"
  >
    <h3
      className="is-size-6"
    >
      step description
    </h3>
    <h2
      className="step-title"
    >
      <i
        className="check-circle"
        icon="check-circle"
      />
      step title
    </h2>
  </div>
</header>
`;
