// Jest Snapshot v1, https://goo.gl/fbAQLP

exports[`NotConfirmedStepHeader renders correctly 1`] = `
<header
  className="step-header columns is-vcentered not-confirmed has-text-white has-background-info"
  onClick={[Function]}
>
  <div
    className="column is-1 is-hidden-mobile"
  >
    <p
      className="datadescription"
    >
      
    </p>
  </div>
  <p
    className="selected-data column is-hidden-mobile"
  >
    
  </p>
  <div
    className="column details"
  >
    <h3
      className="is-size-6"
    >
      step description
    </h3>
    <h2
      className="step-title"
    >
      step title
    </h2>
  </div>
</header>
`;
