// Jest Snapshot v1, https://goo.gl/fbAQLP

exports[`ObservationData renders correctly 1`] = `
<div
  className="observation-data section is-fluid"
>
  <div
    className="columns"
  >
    <div
      className="column field is-3"
    >
      <label
        className="label"
      >
        occurrenceForm.observationData.institutionCode.label
      </label>
      <input
        className="input"
        onChange={[MockFunction]}
        type="text"
      />
    </div>
    <div
      className="column field is-3"
    >
      <label
        className="label"
      >
        occurrenceForm.observationData.collectionCode.label
      </label>
      <input
        className="input"
        onChange={[MockFunction]}
        type="text"
      />
    </div>
  </div>
  <div
    className="columns"
  >
    <div
      className="column field is-3"
    >
      <label
        className="label"
      >
        occurrenceForm.observationData.fieldNumber.label
      </label>
      <input
        className="input"
        onChange={[MockFunction]}
        type="text"
      />
    </div>
    <div
      className="column field is-3"
    >
      <label
        className="label"
      >
        occurrenceForm.observationData.catalogNumber.label
      </label>
      <input
        className="input"
        onChange={[MockFunction]}
        type="text"
      />
    </div>
    <div
      className="column field is-3"
    >
      <label
        className="label"
      >
        occurrenceForm.observationData.recordNumber.label
      </label>
      <input
        className="input"
        onChange={[MockFunction]}
        type="text"
      />
    </div>
  </div>
  <div
    className="columns"
  >
    <div
      className="column field is-3"
    >
      <label
        className="label"
      >
        occurrenceForm.observationData.identifiedBy.label
      </label>
      <input
        className="input"
        onChange={[Function]}
        onKeyDown={[Function]}
        placeholder="occurrenceForm.observationData.identifiedBy.placeholder"
        type="text"
        value=""
      />
      <p
        className="help"
      >
        occurrenceForm.observationData.identifiedBy.help
      </p>
      <div
        className="block"
      >
        <div>
          <span
            className="tag"
          >
            name 1
            <button
              className="delete is-small"
              onClick={[Function]}
            />
          </span>
        </div>
        <div>
          <span
            className="tag"
          >
            name 2
            <button
              className="delete is-small"
              onClick={[Function]}
            />
          </span>
        </div>
      </div>
    </div>
    <div
      className="column field is-3"
    >
      <label
        className="label"
      >
        occurrenceForm.observationData.recordedBy.label
      </label>
      <input
        className="input"
        onChange={[Function]}
        onKeyDown={[Function]}
        placeholder="occurrenceForm.observationData.recordedBy.placeholder"
        type="text"
        value=""
      />
      <p
        className="help"
      >
        occurrenceForm.observationData.recordedBy.help
      </p>
      <div
        className="block"
      >
        <div>
          <span
            className="tag"
          >
            name 1
            <button
              className="delete is-small"
              onClick={[Function]}
            />
          </span>
        </div>
        <div>
          <span
            className="tag"
          >
            name 2
            <button
              className="delete is-small"
              onClick={[Function]}
            />
          </span>
        </div>
        <div>
          <span
            className="tag"
          >
            name 3
            <button
              className="delete is-small"
              onClick={[Function]}
            />
          </span>
        </div>
      </div>
    </div>
  </div>
  <div
    className="columns"
  >
    <div
      className="column field is-9"
    >
      <label
        className="label"
      >
        occurrenceForm.observationData.identificationQualifier.label
      </label>
      <input
        className="input"
        onChange={[MockFunction]}
        type="text"
      />
    </div>
  </div>
  <div
    className="columns"
  >
    <div
      className="column field is-9"
    >
      <label
        className="label"
      >
        occurrenceForm.observationData.identificationRemarks.label
      </label>
      <textarea
        className="textarea"
        onChange={[MockFunction]}
        rows={5}
      />
    </div>
  </div>
  <div
    className="columns"
  >
    <div
      className="column field is-9"
    >
      <label
        className="label"
      >
        occurrenceForm.observationData.references.label
      </label>
      <input
        className="input"
        onChange={[Function]}
        onKeyDown={[Function]}
        placeholder="occurrenceForm.observationData.references.placeholder"
        type="text"
        value=""
      />
      <p
        className="help"
      >
        occurrenceForm.observationData.references.help
      </p>
      <div
        className="block"
      >
        <div>
          <span
            className="tag"
          >
            <a
              href="https://google.com"
            >
              https://google.com
            </a>
            <button
              className="delete is-small"
              onClick={[Function]}
            />
          </span>
        </div>
        <div>
          <span
            className="tag"
          >
            <a
              href="https://gmail.com"
            >
              https://gmail.com
            </a>
            <button
              className="delete is-small"
              onClick={[Function]}
            />
          </span>
        </div>
      </div>
    </div>
  </div>
  <div
    className="columns"
  >
    <div
      className="copy-previous-data column is-narrow"
    >
      copy data from previous entry
    </div>
  </div>
</div>
`;
