// Jest Snapshot v1, https://goo.gl/fbAQLP

exports[`InputDataPage renders correctly / 1`] = `
Array [
  <section
    className="section"
  >
    <div
      className="container is-fluid has-text-centered"
    >
      <a
        className="button is-info"
        href="/input-data/new"
        onClick={[Function]}
      >
        inputDataPage.inputNewOccurrence
      </a>
    </div>
  </section>,
  <div
    className="divider"
  >
    <span>
      inputDataPage.or
    </span>
  </div>,
  <section
    className="section"
  >
    <div
      className="container is-fluid has-text-centered"
    >
      <h4
        className="title is-4"
      >
        inputDataPage.copyPreviousHeader
      </h4>
      <table
        className="table is-striped is-hoverable is-fullwidth"
      >
        <thead>
          <tr>
            <th />
            <th>
              inputDataPage.table.dateAdded
            </th>
            <th>
              inputDataPage.table.scientificName
            </th>
            <th>
              inputDataPage.table.dataset
            </th>
            <th>
              inputDataPage.table.occurrenceDate
            </th>
            <th />
          </tr>
        </thead>
        <tbody />
      </table>
    </div>
  </section>,
]
`;
