// Jest Snapshot v1, https://goo.gl/fbAQLP

exports[`LocationPicker renders correctly 1`] = `
<div>
  <div
    class="location-picker section is-fluid"
  >
    <div
      class="columns"
    >
      <div
        class="column is-half"
      >
        <div
          class="location-search field"
        >
          <div
            class="control has-icons-left has-icons-right"
          >
            <input
              class="search-string input"
              placeholder="occurrenceForm.locationData.locationPicker.searchTip"
              type="text"
              value=""
            />
            <span
              class="icon is-left"
            >
              <i
                class="search"
                icon="search"
              />
            </span>
            <span
              class="clear icon is-small is-right"
            >
              <i
                class="times-circle"
                icon="times-circle"
              />
            </span>
          </div>
        </div>
        <h4
          class="result title is-4"
        >
          occurrenceForm.locationData.locationPicker.resultsTitle
        </h4>
        <p>
          occurrenceForm.locationData.locationPicker.emptyResult
        </p>
        <p>
          occurrenceForm.locationData.locationPicker.emptyResultTip
        </p>
      </div>
      <div
        class="column is-half"
      >
        <div
          class="leaflet-container leaflet-grab leaflet-touch-drag"
          style="position: relative;"
          tabindex="0"
        >
          <div
            class="leaflet-pane leaflet-map-pane"
            style="left: 0px; top: 0px;"
          >
            <div
              class="leaflet-pane leaflet-tile-pane"
            >
              <div
                class="leaflet-layer "
                style="z-index: 1;"
              >
                <div
                  class="leaflet-tile-container leaflet-zoom-animated"
                  style="left: 0px; top: 0px;"
                >
                  <img
                    alt=""
                    class="leaflet-tile"
                    role="presentation"
                    src="https://a.tile.openstreetmap.org/12/2046/1362.png"
                    style="width: 256px; height: 256px; left: -250px; top: -18px;"
                  />
                </div>
              </div>
            </div>
            <div
              class="leaflet-pane leaflet-shadow-pane"
            >
              <img
                alt=""
                class="leaflet-marker-shadow leaflet-zoom-hide"
                src="marker-shadow.png"
                style="left: 0px; top: 0px;"
              />
            </div>
            <div
              class="leaflet-pane leaflet-overlay-pane"
            />
            <div
              class="leaflet-pane leaflet-marker-pane"
            >
              <img
                alt=""
                class="leaflet-marker-icon leaflet-zoom-hide leaflet-interactive leaflet-marker-draggable"
                src="marker-icon.png"
                style="left: 0px; top: 0px; z-index: 0;"
                tabindex="0"
              />
            </div>
            <div
              class="leaflet-pane leaflet-tooltip-pane"
            />
            <div
              class="leaflet-pane leaflet-popup-pane"
            />
          </div>
          <div
            class="leaflet-control-container"
          >
            <div
              class="leaflet-top leaflet-left"
            >
              <div
                class="leaflet-control-zoom leaflet-bar leaflet-control"
              >
                <a
                  aria-label="Zoom in"
                  class="leaflet-control-zoom-in"
                  href="#"
                  role="button"
                  title="Zoom in"
                >
                  +
                </a>
                <a
                  aria-label="Zoom out"
                  class="leaflet-control-zoom-out"
                  href="#"
                  role="button"
                  title="Zoom out"
                >
                  −
                </a>
              </div>
            </div>
            <div
              class="leaflet-top leaflet-right"
            />
            <div
              class="leaflet-bottom leaflet-left"
            />
            <div
              class="leaflet-bottom leaflet-right"
            >
              <div
                class="leaflet-control-attribution leaflet-control"
              >
                <a
                  href="https://leafletjs.com"
                  title="A JS library for interactive maps"
                >
                  Leaflet
                </a>
                 | © 
                <a
                  href="http://osm.org/copyright"
                >
                  OpenStreetMap
                </a>
                 contributors
              </div>
            </div>
          </div>
        </div>
      </div>
    </div>
  </div>
</div>
`;
