// Jest Snapshot v1, https://goo.gl/fbAQLP

exports[`OccurrenceData renders correctly 1`] = `
<OccurrenceData
  data={
    Object {
      "basisOfRecord": "humanObservation",
      "lifeStage": "larva",
      "occurrenceStatus": "absent",
      "scientificName": "scientific name",
      "scientificNameId": "scientific:name:id",
      "sex": "male",
    }
  }
  onChange={[MockFunction]}
>
  <div
    className="occurrence-data section is-fluid"
  >
    <div
      className="columns mandatory"
    >
      <ScientificNameInput
        onChange={[Function]}
        onSuggestionClick={[Function]}
        scientificName="scientific name"
      >
        <div
          className="scientific-name-input field column is-four-fifths"
        >
          <div
            className="dropdown"
          >
            <div
              className="dropdown-trigger"
            >
              <label
                className="label"
              >
                occurrenceForm.occurrenceData.scientificName
              </label>
              <div
                className="control has-icons-right is-loading"
              >
                <input
                  className="input scientific-name"
                  onChange={[Function]}
                  onClick={[Function]}
                  placeholder="occurrenceForm.occurrenceData.scientificName"
                  type="text"
                  value="scientific name"
                />
                <span
                  className="invalid-worms"
                />
                <p
                  className="worms-info"
                >
                  occurrenceForm.occurrenceData.scientificNameInput.wormsInfo
                  <a
                    href="http://www.marinespecies.org/aphia.php?p=webservice"
                    rel="noopener noreferrer"
                    target="_blank"
                  >
                    marinespecies.org
                  </a>
                </p>
              </div>
            </div>
            <div
              className="dropdown-menu"
              id="dropdown-menu"
              role="menu"
            >
              <div
                className="dropdown-content"
              />
            </div>
          </div>
        </div>
      </ScientificNameInput>
    </div>
    <div
      className="columns no-margin"
    >
      <div
        className="column"
      >
        <label
          className="label"
        >
          occurrenceForm.occurrenceData.scientificNameId
        </label>
        <div>
          scientific:name:id
        </div>
      </div>
    </div>
    <InputRadioGroup
      name="occurrenceForm.occurrenceData.occurrenceStatus"
      onChange={[Function]}
      options={
        Array [
          "absent",
          "present",
        ]
      }
      selectedValue="absent"
    >
      <div
        className="input-radio-group field"
      >
        <label
          className="label"
        >
          occurrenceForm.occurrenceData.occurrenceStatus.title
        </label>
        <div
          className="control"
        >
          <InputRadio
            checked={true}
            key="absent"
            name="occurrenceForm.occurrenceData.occurrenceStatus"
            onChange={[Function]}
            text="occurrenceForm.occurrenceData.occurrenceStatus.absent"
            value="absent"
          >
            <input
              checked={true}
              className="input-radio is-checkradio"
              id="occurrenceForm.occurrenceData.occurrenceStatus-absent"
              name="occurrenceForm.occurrenceData.occurrenceStatus"
              onChange={[Function]}
              type="radio"
              value="absent"
            />
            <label
              htmlFor="occurrenceForm.occurrenceData.occurrenceStatus-absent"
            >
              occurrenceForm.occurrenceData.occurrenceStatus.absent
            </label>
          </InputRadio>
          <InputRadio
            checked={false}
            key="present"
            name="occurrenceForm.occurrenceData.occurrenceStatus"
            onChange={[Function]}
            text="occurrenceForm.occurrenceData.occurrenceStatus.present"
            value="present"
          >
            <input
              checked={false}
              className="input-radio is-checkradio"
              id="occurrenceForm.occurrenceData.occurrenceStatus-present"
              name="occurrenceForm.occurrenceData.occurrenceStatus"
              onChange={[Function]}
              type="radio"
              value="present"
            />
            <label
              htmlFor="occurrenceForm.occurrenceData.occurrenceStatus-present"
            >
              occurrenceForm.occurrenceData.occurrenceStatus.present
            </label>
          </InputRadio>
        </div>
      </div>
    </InputRadioGroup>
    <InputRadioGroup
      name="occurrenceForm.occurrenceData.basisOfRecord"
      onChange={[Function]}
      options={
        Array [
          "humanObservation",
          "machineObservation",
          "fossilSpecimen",
          "livingSpecimen",
          "preservedSpecimen",
        ]
      }
      selectedValue="humanObservation"
    >
      <div
        className="input-radio-group field"
      >
        <label
          className="label"
        >
          occurrenceForm.occurrenceData.basisOfRecord.title
        </label>
        <div
          className="control"
        >
          <InputRadio
            checked={true}
            key="humanObservation"
            name="occurrenceForm.occurrenceData.basisOfRecord"
            onChange={[Function]}
            text="occurrenceForm.occurrenceData.basisOfRecord.humanObservation"
            value="humanObservation"
          >
            <input
              checked={true}
              className="input-radio is-checkradio"
              id="occurrenceForm.occurrenceData.basisOfRecord-humanObservation"
              name="occurrenceForm.occurrenceData.basisOfRecord"
              onChange={[Function]}
              type="radio"
              value="humanObservation"
            />
            <label
              htmlFor="occurrenceForm.occurrenceData.basisOfRecord-humanObservation"
            >
              occurrenceForm.occurrenceData.basisOfRecord.humanObservation
            </label>
          </InputRadio>
          <InputRadio
            checked={false}
            key="machineObservation"
            name="occurrenceForm.occurrenceData.basisOfRecord"
            onChange={[Function]}
            text="occurrenceForm.occurrenceData.basisOfRecord.machineObservation"
            value="machineObservation"
          >
            <input
              checked={false}
              className="input-radio is-checkradio"
              id="occurrenceForm.occurrenceData.basisOfRecord-machineObservation"
              name="occurrenceForm.occurrenceData.basisOfRecord"
              onChange={[Function]}
              type="radio"
              value="machineObservation"
            />
            <label
              htmlFor="occurrenceForm.occurrenceData.basisOfRecord-machineObservation"
            >
              occurrenceForm.occurrenceData.basisOfRecord.machineObservation
            </label>
          </InputRadio>
          <InputRadio
            checked={false}
            key="fossilSpecimen"
            name="occurrenceForm.occurrenceData.basisOfRecord"
            onChange={[Function]}
            text="occurrenceForm.occurrenceData.basisOfRecord.fossilSpecimen"
            value="fossilSpecimen"
          >
            <input
              checked={false}
              className="input-radio is-checkradio"
              id="occurrenceForm.occurrenceData.basisOfRecord-fossilSpecimen"
              name="occurrenceForm.occurrenceData.basisOfRecord"
              onChange={[Function]}
              type="radio"
              value="fossilSpecimen"
            />
            <label
              htmlFor="occurrenceForm.occurrenceData.basisOfRecord-fossilSpecimen"
            >
              occurrenceForm.occurrenceData.basisOfRecord.fossilSpecimen
            </label>
          </InputRadio>
          <InputRadio
            checked={false}
            key="livingSpecimen"
            name="occurrenceForm.occurrenceData.basisOfRecord"
            onChange={[Function]}
            text="occurrenceForm.occurrenceData.basisOfRecord.livingSpecimen"
            value="livingSpecimen"
          >
            <input
              checked={false}
              className="input-radio is-checkradio"
              id="occurrenceForm.occurrenceData.basisOfRecord-livingSpecimen"
              name="occurrenceForm.occurrenceData.basisOfRecord"
              onChange={[Function]}
              type="radio"
              value="livingSpecimen"
            />
            <label
              htmlFor="occurrenceForm.occurrenceData.basisOfRecord-livingSpecimen"
            >
              occurrenceForm.occurrenceData.basisOfRecord.livingSpecimen
            </label>
          </InputRadio>
          <InputRadio
            checked={false}
            key="preservedSpecimen"
            name="occurrenceForm.occurrenceData.basisOfRecord"
            onChange={[Function]}
            text="occurrenceForm.occurrenceData.basisOfRecord.preservedSpecimen"
            value="preservedSpecimen"
          >
            <input
              checked={false}
              className="input-radio is-checkradio"
              id="occurrenceForm.occurrenceData.basisOfRecord-preservedSpecimen"
              name="occurrenceForm.occurrenceData.basisOfRecord"
              onChange={[Function]}
              type="radio"
              value="preservedSpecimen"
            />
            <label
              htmlFor="occurrenceForm.occurrenceData.basisOfRecord-preservedSpecimen"
            >
              occurrenceForm.occurrenceData.basisOfRecord.preservedSpecimen
            </label>
          </InputRadio>
        </div>
      </div>
    </InputRadioGroup>
    <InputRadioGroup
      name="occurrenceForm.occurrenceData.sex"
      onChange={[Function]}
      options={
        Array [
          "male",
          "female",
          "unspecified",
        ]
      }
      selectedValue="male"
    >
      <div
        className="input-radio-group field"
      >
        <label
          className="label"
        >
          occurrenceForm.occurrenceData.sex.title
        </label>
        <div
          className="control"
        >
          <InputRadio
            checked={true}
            key="male"
            name="occurrenceForm.occurrenceData.sex"
            onChange={[Function]}
            text="occurrenceForm.occurrenceData.sex.male"
            value="male"
          >
            <input
              checked={true}
              className="input-radio is-checkradio"
              id="occurrenceForm.occurrenceData.sex-male"
              name="occurrenceForm.occurrenceData.sex"
              onChange={[Function]}
              type="radio"
              value="male"
            />
            <label
              htmlFor="occurrenceForm.occurrenceData.sex-male"
            >
              occurrenceForm.occurrenceData.sex.male
            </label>
          </InputRadio>
          <InputRadio
            checked={false}
            key="female"
            name="occurrenceForm.occurrenceData.sex"
            onChange={[Function]}
            text="occurrenceForm.occurrenceData.sex.female"
            value="female"
          >
            <input
              checked={false}
              className="input-radio is-checkradio"
              id="occurrenceForm.occurrenceData.sex-female"
              name="occurrenceForm.occurrenceData.sex"
              onChange={[Function]}
              type="radio"
              value="female"
            />
            <label
              htmlFor="occurrenceForm.occurrenceData.sex-female"
            >
              occurrenceForm.occurrenceData.sex.female
            </label>
          </InputRadio>
          <InputRadio
            checked={false}
            key="unspecified"
            name="occurrenceForm.occurrenceData.sex"
            onChange={[Function]}
            text="occurrenceForm.occurrenceData.sex.unspecified"
            value="unspecified"
          >
            <input
              checked={false}
              className="input-radio is-checkradio"
              id="occurrenceForm.occurrenceData.sex-unspecified"
              name="occurrenceForm.occurrenceData.sex"
              onChange={[Function]}
              type="radio"
              value="unspecified"
            />
            <label
              htmlFor="occurrenceForm.occurrenceData.sex-unspecified"
            >
              occurrenceForm.occurrenceData.sex.unspecified
            </label>
          </InputRadio>
        </div>
      </div>
    </InputRadioGroup>
    <InputRadioGroup
      name="occurrenceForm.occurrenceData.lifeStage"
      onChange={[Function]}
      options={
        Array [
          "larva",
          "juvenile",
          "adult",
          "unspecified",
        ]
      }
      selectedValue="larva"
    >
      <div
        className="input-radio-group field"
      >
        <label
          className="label"
        >
          occurrenceForm.occurrenceData.lifeStage.title
        </label>
        <div
          className="control"
        >
          <InputRadio
            checked={true}
            key="larva"
            name="occurrenceForm.occurrenceData.lifeStage"
            onChange={[Function]}
            text="occurrenceForm.occurrenceData.lifeStage.larva"
            value="larva"
          >
            <input
              checked={true}
              className="input-radio is-checkradio"
              id="occurrenceForm.occurrenceData.lifeStage-larva"
              name="occurrenceForm.occurrenceData.lifeStage"
              onChange={[Function]}
              type="radio"
              value="larva"
            />
            <label
              htmlFor="occurrenceForm.occurrenceData.lifeStage-larva"
            >
              occurrenceForm.occurrenceData.lifeStage.larva
            </label>
          </InputRadio>
          <InputRadio
            checked={false}
            key="juvenile"
            name="occurrenceForm.occurrenceData.lifeStage"
            onChange={[Function]}
            text="occurrenceForm.occurrenceData.lifeStage.juvenile"
            value="juvenile"
          >
            <input
              checked={false}
              className="input-radio is-checkradio"
              id="occurrenceForm.occurrenceData.lifeStage-juvenile"
              name="occurrenceForm.occurrenceData.lifeStage"
              onChange={[Function]}
              type="radio"
              value="juvenile"
            />
            <label
              htmlFor="occurrenceForm.occurrenceData.lifeStage-juvenile"
            >
              occurrenceForm.occurrenceData.lifeStage.juvenile
            </label>
          </InputRadio>
          <InputRadio
            checked={false}
            key="adult"
            name="occurrenceForm.occurrenceData.lifeStage"
            onChange={[Function]}
            text="occurrenceForm.occurrenceData.lifeStage.adult"
            value="adult"
          >
            <input
              checked={false}
              className="input-radio is-checkradio"
              id="occurrenceForm.occurrenceData.lifeStage-adult"
              name="occurrenceForm.occurrenceData.lifeStage"
              onChange={[Function]}
              type="radio"
              value="adult"
            />
            <label
              htmlFor="occurrenceForm.occurrenceData.lifeStage-adult"
            >
              occurrenceForm.occurrenceData.lifeStage.adult
            </label>
          </InputRadio>
          <InputRadio
            checked={false}
            key="unspecified"
            name="occurrenceForm.occurrenceData.lifeStage"
            onChange={[Function]}
            text="occurrenceForm.occurrenceData.lifeStage.unspecified"
            value="unspecified"
          >
            <input
              checked={false}
              className="input-radio is-checkradio"
              id="occurrenceForm.occurrenceData.lifeStage-unspecified"
              name="occurrenceForm.occurrenceData.lifeStage"
              onChange={[Function]}
              type="radio"
              value="unspecified"
            />
            <label
              htmlFor="occurrenceForm.occurrenceData.lifeStage-unspecified"
            >
              occurrenceForm.occurrenceData.lifeStage.unspecified
            </label>
          </InputRadio>
        </div>
      </div>
    </InputRadioGroup>
    <div
      className="columns"
    >
      <InputText
        className="identification-qualifier is-9"
        name="occurrenceForm.occurrenceData.identificationQualifier"
        onChange={[Function]}
      >
        <div
          className="column field identification-qualifier is-9"
        >
          <label
            className="label"
            htmlFor="occurrenceform.occurrencedata.identificationqualifier.label"
          >
            occurrenceForm.occurrenceData.identificationQualifier.label
          </label>
          <input
            className="input"
            id="occurrenceform.occurrencedata.identificationqualifier.label"
            onChange={[Function]}
            type="text"
          />
        </div>
      </InputText>
    </div>
    <div
      className="columns"
    >
      <Textarea
        className="identification-remarks is-9"
        name="occurrenceForm.occurrenceData.identificationRemarks"
        onChange={[Function]}
      >
        <div
          className="column field identification-remarks is-9"
        >
          <label
            className="label"
            htmlFor="occurrenceform.occurrencedata.identificationremarks.label"
          >
            occurrenceForm.occurrenceData.identificationRemarks.label
          </label>
          <textarea
            className="textarea"
            id="occurrenceform.occurrencedata.identificationremarks.label"
            onChange={[Function]}
            rows={5}
          />
        </div>
      </Textarea>
    </div>
  </div>
</OccurrenceData>
`;
