// Jest Snapshot v1, https://goo.gl/fbAQLP

exports[`ScientificNameInput renders correctly 1`] = `
<ScientificNameInput
  onChange={[MockFunction]}
  scientificName=""
>
  <div
    className="field column is-four-fifths"
  >
    <div
      className="dropdown"
    >
      <div
        className="dropdown-trigger"
      >
        <label
          className="label"
        >
          occurrenceForm.occurrenceData.scientificName
        </label>
        <div
          className="control has-icons-right"
        >
          <input
            className="input scientific-name"
            onChange={[Function]}
            onClick={[Function]}
            placeholder="occurrenceForm.occurrenceData.scientificName"
            type="text"
            value=""
          />
          <p
            className="worms-info"
          >
            Species names are retrieved on the fly  from the WORMS database by using the webservices available at 
            <a
              href="http://www.marinespecies.org/aphia.php?p=webservice"
              target="_blank"
            >
              marinespecies.org
            </a>
          </p>
        </div>
      </div>
      <div
        className="dropdown-menu"
        id="dropdown-menu"
        role="menu"
      >
        <div
          className="dropdown-content"
        />
      </div>
    </div>
  </div>
</ScientificNameInput>
`;
